// Jest Snapshot v1, https://goo.gl/fbAQLP

exports[`<App /> renders component correctly 1`] = `
<div>
  <div
    class="sc-bdvvtL bKhKNO"
  >
    <div
      class="sc-gsDKAQ ipDMAC"
    >
      <img
        alt="logo"
        class="sc-dkPtRN gBvcKg"
        src="logo.svg"
      />
      <p>
        Edit 
        <code>
          src/App.js
        </code>
         and save to reload.
      </p>
      <a
        class="sc-hKwDye boCHbV"
        href="https://reactjs.org"
        rel="noopener noreferrer"
        target="_blank"
      >
        Learn React
      </a>
    </div>
  </div>
</div>
`;
